[ec2-user@ip-172-31-29-112 ~]$ ls
[ec2-user@ip-172-31-29-112 ~]$ ls -al
total 12
drwx------. 3 ec2-user ec2-user  74 Jan 28 00:52 .
drwxr-xr-x. 3 root     root      22 Jan 28 00:52 ..
-rw-r--r--. 1 ec2-user ec2-user  18 Jan 28  2023 .bash_logout
-rw-r--r--. 1 ec2-user ec2-user 141 Jan 28  2023 .bash_profile
-rw-r--r--. 1 ec2-user ec2-user 492 Jan 28  2023 .bashrc
drwx------. 2 ec2-user ec2-user  29 Jan 28 00:52 .ssh
[ec2-user@ip-172-31-29-112 ~]$ pwd
/home/ec2-user
[ec2-user@ip-172-31-29-112 ~]$ date
Wed Jan 28 01:07:08 UTC 2026
[ec2-user@ip-172-31-29-112 ~]$ cal
    January 2026
Su Mo Tu We Th Fr Sa
             1  2  3
 4  5  6  7  8  9 10
11 12 13 14 15 16 17
18 19 20 21 22 23 24
25 26 27 28 29 30 31

[ec2-user@ip-172-31-29-112 ~]$ uptime
 01:07:18 up 15 min,  1 user,  load average: 0.00, 0.02, 0.00
[ec2-user@ip-172-31-29-112 ~]$ w
 01:07:21 up 15 min,  1 user,  load average: 0.00, 0.02, 0.00
USER     TTY        LOGIN@   IDLE   JCPU   PCPU WHAT
ec2-user pts/0     01:00    1.00s  0.02s  0.00s w
[ec2-user@ip-172-31-29-112 ~]$ whoami
ec2-user
[ec2-user@ip-172-31-29-112 ~]$ finger user
-bash: finger: command not found
[ec2-user@ip-172-31-29-112 ~]$ uname -a
Linux ip-172-31-29-112.us-east-2.compute.internal 6.1.159-182.297.amzn2023.x86_64 #1 SMP PREEMPT_DYNAMIC Mon Jan 12 11:34:58 UTC 2026 x86_64 x86_64 x86_64 GNU/Linux
[ec2-user@ip-172-31-29-112 ~]$ cat /proc /cpuinfo
cat: /proc: Is a directory
cat: /cpuinfo: No such file or directory
[ec2-user@ip-172-31-29-112 ~]$ cat/proc/cpuinfo
-bash: cat/proc/cpuinfo: No such file or directory
[ec2-user@ip-172-31-29-112 ~]$ df
Filesystem       1K-blocks    Used Available Use% Mounted on
devtmpfs              4096       0      4096   0% /dev
tmpfs               469416       0    469416   0% /dev/shm
tmpfs               187768     432    187336   1% /run
/dev/nvme0n1p1     8310764 1686328   6624436  21% /
tmpfs               469420       0    469420   0% /tmp
/dev/nvme0n1p128     10202    1318      8884  13% /boot/efi
tmpfs                93880       0     93880   0% /run/user/1000
[ec2-user@ip-172-31-29-112 ~]$ du
4       ./.ssh
16      .
[ec2-user@ip-172-31-29-112 ~]$ free
               total        used        free      shared  buff/cache   available
Mem:          938836      189268      347520         436      402048      608744
Swap:              0           0           0
[ec2-user@ip-172-31-29-112 ~]$ ps
    PID TTY          TIME CMD
   1920 pts/0    00:00:00 bash
  26983 pts/0    00:00:00 ps
[ec2-user@ip-172-31-29-112 ~]$ top
top - 01:09:06 up 17 min,  1 user,  load average: 0.00, 0.01, 0.00
Tasks:  98 total,   1 running,  97 sleeping,   0 stopped,   0 zombie
%Cpu(s):  0.0 us,  0.0 sy,  0.0 ni,100.0 id,  0.0 wa,  0.0 hi,  0.0 si,  0.0 st
MiB Mem :    916.8 total,    339.4 free,    184.4 used,    393.1 buff/cache
MiB Swap:      0.0 total,      0.0 free,      0.0 used.    594.9 avail Mem

    PID USER      PR  NI    VIRT    RES    SHR S  %CPU  %MEM     TIME+ COMMAND
      1 root      20   0  172400  17316  10772 S   0.0   1.8   0:00.92 systemd
      2 root      20   0       0      0      0 S   0.0   0.0   0:00.00 kthreadd
      3 root       0 -20       0      0      0 I   0.0   0.0   0:00.00 rcu_gp
      4 root       0 -20       0      0      0 I   0.0   0.0   0:00.00 rcu_par+
      5 root       0 -20       0      0      0 I   0.0   0.0   0:00.00 slub_fl+
      6 root       0 -20       0      0      0 I   0.0   0.0   0:00.00 netns
      8 root       0 -20       0      0      0 I   0.0   0.0   0:00.00 kworker+
      9 root      20   0       0      0      0 I   0.0   0.0   0:00.05 kworker+
     10 root       0 -20       0      0      0 I   0.0   0.0   0:00.00 mm_perc+
     11 root      20   0       0      0      0 I   0.0   0.0   0:00.00 rcu_tas+
     12 root      20   0       0      0      0 I   0.0   0.0   0:00.00 rcu_tas+
     13 root      20   0       0      0      0 I   0.0   0.0   0:00.00 rcu_tas+
     14 root      20   0       0      0      0 S   0.0   0.0   0:00.08 ksoftir+
     15 root      20   0       0      0      0 I   0.0   0.0   0:00.04 rcu_pre+
     16 root      rt   0       0      0      0 S   0.0   0.0   0:00.00 migrati+
     18 root      20   0       0      0      0 S   0.0   0.0   0:00.00 cpuhp/0
     19 root      20   0       0      0      0 S   0.0   0.0   0:00.00 cpuhp/1
[ec2-user@ip-172-31-29-112 ~]$ bg
-bash: bg: current: no such job
[ec2-user@ip-172-31-29-112 ~]$ fg
-bash: fg: current: no such job
[ec2-user@ip-172-31-29-112 ~]$ ls -al
total 12
drwx------. 4 ec2-user ec2-user  89 Jan 28 01:08 .
drwxr-xr-x. 3 root     root      22 Jan 28 00:52 ..
-rw-r--r--. 1 ec2-user ec2-user  18 Jan 28  2023 .bash_logout
-rw-r--r--. 1 ec2-user ec2-user 141 Jan 28  2023 .bash_profile
-rw-r--r--. 1 ec2-user ec2-user 492 Jan 28  2023 .bashrc
drwx------. 3 ec2-user ec2-user  20 Jan 28 01:08 .config
drwx------. 2 ec2-user ec2-user  29 Jan 28 00:52 .ssh
[ec2-user@ip-172-31-29-112 ~]$ mkdir test
[ec2-user@ip-172-31-29-112 ~]$ cd test
[ec2-user@ip-172-31-29-112 test]$ touch test.txt
[ec2-user@ip-172-31-29-112 test]$ ls
test.txt
[ec2-user@ip-172-31-29-112 test]$ rm test.txt
[ec2-user@ip-172-31-29-112 test]$ cd
[ec2-user@ip-172-31-29-112 ~]$ rm test
rm: cannot remove 'test': Is a directory
[ec2-user@ip-172-31-29-112 ~]$ rm -r test
[ec2-user@ip-172-31-29-112 ~]$
